../Core/Src/ssd1306_oled.c:25:6:SSD1306_ScrollRight	16	static
../Core/Src/ssd1306_oled.c:37:6:SSD1306_ScrollLeft	16	static
../Core/Src/ssd1306_oled.c:49:6:SSD1306_Scrolldiagright	16	static
../Core/Src/ssd1306_oled.c:63:6:SSD1306_Scrolldiagleft	16	static
../Core/Src/ssd1306_oled.c:77:6:SSD1306_Stopscroll	8	static
../Core/Src/ssd1306_oled.c:82:6:SSD1306_InvertDisplay	16	static
../Core/Src/ssd1306_oled.c:88:6:SSD1306_DrawBitmap	32	static
../Core/Src/ssd1306_oled.c:109:9:SSD1306_Init	16	static
../Core/Src/ssd1306_oled.c:157:6:SSD1306_UpdateScreen	16	static
../Core/Src/ssd1306_oled.c:169:6:SSD1306_ToggleInvert	16	static
../Core/Src/ssd1306_oled.c:179:6:SSD1306_Fill	16	static
../Core/Src/ssd1306_oled.c:184:6:SSD1306_DrawPixel	16	static
../Core/Src/ssd1306_oled.c:201:6:SSD1306_GotoXY	16	static
../Core/Src/ssd1306_oled.c:207:6:SSD1306_Putc	32	static
../Core/Src/ssd1306_oled.c:228:6:SSD1306_Puts	24	static
../Core/Src/ssd1306_oled.c:240:6:SSD1306_DrawLine	40	static
../Core/Src/ssd1306_oled.c:314:6:SSD1306_FillRectangle	32	static
../Core/Src/ssd1306_oled.c:322:6:SSD1306_DrawRectangle	32	static
../Core/Src/ssd1306_oled.c:339:6:SSD1306_DrawFilledRectangle	40	static
../Core/Src/ssd1306_oled.c:355:6:SSD1306_DrawTriangle	32	static
../Core/Src/ssd1306_oled.c:362:6:SSD1306_DrawFilledTriangle	64	static
../Core/Src/ssd1306_oled.c:419:6:SSD1306_DrawCircle	40	static
../Core/Src/ssd1306_oled.c:454:6:SSD1306_DrawFilledCircle	48	static
../Core/Src/ssd1306_oled.c:485:6:SSD1306_Clear	8	static
../Core/Src/ssd1306_oled.c:491:6:SSD1306_ON	8	static
../Core/Src/ssd1306_oled.c:498:6:SSD1306_OFF	8	static
../Core/Src/ssd1306_oled.c:505:6:SSD1306_I2C_Init	16	static
../Core/Src/ssd1306_oled.c:512:6:SSD1306_I2C_WriteMulti	296	static
../Core/Src/ssd1306_oled.c:523:6:SSD1306_I2C_Write	32	static
../Core/Src/ssd1306_oled.c:530:6:SSD1306_FillCircle	48	static
../Core/Src/ssd1306_oled.c:555:6:SSD1306_DrawCirclePart	56	static
../Core/Src/ssd1306_oled.c:564:6:DrawRoundedRectangle	40	static
